[backblue.gif]
[fade.gif]
[index.html]
[telegra.ph/file/ee545560940d014a78c0a.jpg]
[jun4web.junaaa21.repl.co/js/sweetalert2.all.min.js]
[jun4web.junaaa21.repl.co/bs.mp3]
[external.html]
[telegra.ph/file/d730ab288cce2b1cfbbbb.jpg]
[telegra.ph/file/511fdb3ace6544a536749.jpg]
[telegra.ph/file/3b80897e30bd724fe4e71.jpg]
[telegra.ph/file/3574da0fbdbb01d6845cd.jpg]
[telegra.ph/file/23d000eb5ce5a16aac2af.jpg]
[telegra.ph/file/c6f92b13cb8b4a7e22e49.jpg]
[jun4web.junaaa21.repl.co/js/bootstrap.bundle.min.js]
[jun4web.junaaa21.repl.co/js/jquery-1.12.3.min.js]
[jun4web.junaaa21.repl.co/js/jquery.easing.min.js]
[jun4web.junaaa21.repl.co/js/jquery.waypoints.min.js]
[jun4web.junaaa21.repl.co/js/jquery.counterup.min.js]
[jun4web.junaaa21.repl.co/js/popper.min.js]
[jun4web.junaaa21.repl.co/js/bootstrap.min.js]
[jun4web.junaaa21.repl.co/js/isotope.pkgd.min.js]
[jun4web.junaaa21.repl.co/js/infinite-scroll.min.js]
[jun4web.junaaa21.repl.co/js/imagesloaded.pkgd.min.js]
[jun4web.junaaa21.repl.co/js/slick.min.js]
[jun4web.junaaa21.repl.co/js/contact.js]
[jun4web.junaaa21.repl.co/js/validator.js]
[jun4web.junaaa21.repl.co/js/wow.min.js]
[jun4web.junaaa21.repl.co/js/morphext.min.js]
[jun4web.junaaa21.repl.co/js/parallax.min.js]
[jun4web.junaaa21.repl.co/js/jquery.magnific-popup.min.js]
[jun4web.junaaa21.repl.co/index.html]
[jun4web.junaaa21.repl.co/css/bootstrap.min.css]
[jun4web.junaaa21.repl.co/js/custom.js]
[jun4web.junaaa21.repl.co/webfonts/fa-brands-400.eot]
[jun4web.junaaa21.repl.co/webfonts/fa-brands-400d41dd41d.eot]
[jun4web.junaaa21.repl.co/webfonts/fa-brands-400.woff2]
[jun4web.junaaa21.repl.co/webfonts/fa-brands-400.woff]
[jun4web.junaaa21.repl.co/webfonts/fa-brands-400.ttf]
[jun4web.junaaa21.repl.co/webfonts/fa-regular-400d41dd41d.eot]
[jun4web.junaaa21.repl.co/webfonts/fa-regular-400.woff2]
[jun4web.junaaa21.repl.co/webfonts/fa-regular-400.woff]
[jun4web.junaaa21.repl.co/webfonts/fa-regular-400.ttf]
[jun4web.junaaa21.repl.co/webfonts/fa-solid-900.eot]
[jun4web.junaaa21.repl.co/webfonts/fa-solid-900d41dd41d.eot]
[jun4web.junaaa21.repl.co/webfonts/fa-solid-900.woff2]
[jun4web.junaaa21.repl.co/webfonts/fa-solid-900.woff]
[jun4web.junaaa21.repl.co/webfonts/fa-solid-900.ttf]
[jun4web.junaaa21.repl.co/css/all.min.css]
[jun4web.junaaa21.repl.co/fonts/Simple-Line-Iconsb26cb26c.eot]
[jun4web.junaaa21.repl.co/fonts/Simple-Line-Iconsb26cb26c.woff2]
[jun4web.junaaa21.repl.co/fonts/Simple-Line-Iconsb26cb26c.ttf]
[jun4web.junaaa21.repl.co/fonts/Simple-Line-Iconsb26cb26c.woff]
[jun4web.junaaa21.repl.co/css/simple-line-icons.css]
[jun4web.junaaa21.repl.co/images/ajax-loader.gif]
[jun4web.junaaa21.repl.co/fonts/slick.gif]
[jun4web.junaaa21.repl.co/fonts/slickd41dd41d.eot]
[jun4web.junaaa21.repl.co/fonts/slick.woff]
[jun4web.junaaa21.repl.co/fonts/slick.ttf]
[jun4web.junaaa21.repl.co/css/slick.css]
[jun4web.junaaa21.repl.co/css/animate.css]
[jun4web.junaaa21.repl.co/css/magnific-popup.css]
[jun4web.junaaa21.repl.co/images/map-light.png]
[jun4web.junaaa21.repl.co/css/style.css]
[jun4web.junaaa21.repl.co/css/bootstrap.mins.css]
[jun4web.junaaa21.repl.co/index-2.html]
[jun4web.junaaa21.repl.co/images/service-2.svg]
[jun4web.junaaa21.repl.co/images/service-3.svg]
[jun4web.junaaa21.repl.co/works-2.html]
[jun4web.junaaa21.repl.co/webfonts/fa-brands-400.svg]
[jun4web.junaaa21.repl.co/webfonts/fa-regular-400.svg]
[jun4web.junaaa21.repl.co/webfonts/fa-regular-401.svg]
[jun4web.junaaa21.repl.co/webfonts/fa-solid-900.svg]
[jun4web.junaaa21.repl.co/fonts/Simple-Line-Iconsb26cb26c.html]
[jun4web.junaaa21.repl.co/fonts/slick.svg]
[jun4web.junaaa21.repl.co/images/dots-bg.svg]
[jun4web.junaaa21.repl.co/images/map.svg]
[jun4web.junaaa21.repl.co/images/dots-bg-light.svg]
[jun4web.junaaa21.repl.co/external2009.html]
[jun4web.junaaa21.repl.co/bs.mp3]
[jun4web.junaaa21.repl.co/images/works/1.svg]
[jun4web.junaaa21.repl.co/images/works/3.svg]
[jun4web.junaaa21.repl.co/images/single-work.svg]
[jun4web.junaaa21.repl.co/images/works/4.svg]
